// Jest Snapshot v1, https://goo.gl/fbAQLP

exports[`<Test /> with no props should match the snapshot 1`] = `"<div><h1>I&#x27;m a test</h1><button id=\\"btn-1\\" class=\\"test-btn\\">test button</button><div class=\\"form-div\\"><form><textarea></textarea><div><button id=\\"btn-2\\">Submit</button></div></form></div></div>"`;
